// Jest Snapshot v1, https://goo.gl/fbAQLP

exports[`snapshots EmptyBench dark-theme still snapshot: EmptyBench-dark-still 1`] = `
<View
  testID="Svg"
>
  <View
    testID="G"
  >
    <View
      testID="Path"
    />
  </View>
  <View
    testID="Rect"
    transform="translate(3,2)"
  />
  <View
    testID="G"
  >
    <View
      testID="Rect"
    />
  </View>
  <View
    testID="G"
  >
    <View
      testID="Path"
    />
  </View>
  <View
    testID="G"
  >
    <View
      testID="Path"
    />
  </View>
  <View
    testID="Path"
    transform="translate(-2.6,2.4)"
  />
  <View
    testID="G"
  >
    <View
      testID="Path"
    />
  </View>
  <View
    testID="Rect"
    transform="translate(2.2,-2.6)"
  />
  <View
    testID="G"
  >
    <View
      testID="Rect"
    />
    <View
      testID="Path"
    />
  </View>
  <View
    testID="Rect"
    transform="translate(-2.6,2.4)"
  />
  <View
    testID="G"
  >
    <View
      testID="Rect"
    />
    <View
      testID="Path"
    />
  </View>
  <View
    testID="G"
  >
    <View
      testID="Path"
    />
  </View>
  <View
    testID="G"
  >
    <View
      testID="Path"
    />
  </View>
  <View
    testID="G"
  >
    <View
      testID="Path"
    />
  </View>
  <View
    testID="Path"
    transform="translate(3,2)"
  />
  <View
    testID="G"
  >
    <View
      testID="Path"
    />
  </View>
  <View
    testID="Path"
    transform="translate(1,1.1)"
  />
  <View
    testID="G"
  >
    <View
      testID="Path"
    />
  </View>
  <View
    testID="G"
  >
    <View
      testID="Path"
    />
  </View>
  <View
    testID="Rect"
    transform="translate(2.2,-2.6)"
  />
  <View
    testID="G"
  >
    <View
      testID="Rect"
    />
  </View>
  <View
    testID="G"
  >
    <View
      testID="Path"
    />
  </View>
  <View
    testID="G"
  >
    <View
      testID="Path"
    />
  </View>
  <View
    testID="G"
  >
    <View
      testID="Path"
    />
  </View>
  <View
    testID="Ellipse"
  />
  <View
    testID="Ellipse"
  />
  <View
    testID="G"
  >
    <View
      testID="Ellipse"
    />
    <View
      testID="Ellipse"
    />
  </View>
  <View
    testID="Circle"
  />
  <View
    testID="G"
  >
    <View
      testID="Circle"
    />
  </View>
  <View
    testID="Circle"
    transform="translate(1,1.1)"
  />
  <View
    testID="Path"
    transform="translate(-2.6,2.4)"
  />
  <View
    testID="G"
  >
    <View
      testID="Path"
    />
  </View>
  <View
    testID="G"
  >
    <View
      testID="Path"
    />
  </View>
  <View
    testID="Circle"
  />
  <View
    testID="Circle"
  />
  <View
    testID="G"
    transform="translate(300, 64) translate(-12, 52) rotate(-22)"
  >
    <View
      testID="Path"
      transform="translate(3,2)"
    />
    <View
      testID="G"
    >
      <View
        testID="Path"
      />
      <View
        testID="Path"
      />
    </View>
  </View>
</View>
`;

exports[`snapshots EmptyBench light-theme still snapshot: EmptyBench-light-still 1`] = `
<View
  testID="Svg"
>
  <View
    testID="G"
  >
    <View
      testID="Path"
    />
  </View>
  <View
    testID="Rect"
    transform="translate(3,2)"
  />
  <View
    testID="G"
  >
    <View
      testID="Rect"
    />
  </View>
  <View
    testID="G"
  >
    <View
      testID="Path"
    />
  </View>
  <View
    testID="G"
  >
    <View
      testID="Path"
    />
  </View>
  <View
    testID="Path"
    transform="translate(-2.6,2.4)"
  />
  <View
    testID="G"
  >
    <View
      testID="Path"
    />
  </View>
  <View
    testID="Rect"
    transform="translate(2.2,-2.6)"
  />
  <View
    testID="G"
  >
    <View
      testID="Rect"
    />
    <View
      testID="Path"
    />
  </View>
  <View
    testID="Rect"
    transform="translate(-2.6,2.4)"
  />
  <View
    testID="G"
  >
    <View
      testID="Rect"
    />
    <View
      testID="Path"
    />
  </View>
  <View
    testID="G"
  >
    <View
      testID="Path"
    />
  </View>
  <View
    testID="G"
  >
    <View
      testID="Path"
    />
  </View>
  <View
    testID="G"
  >
    <View
      testID="Path"
    />
  </View>
  <View
    testID="Path"
    transform="translate(3,2)"
  />
  <View
    testID="G"
  >
    <View
      testID="Path"
    />
  </View>
  <View
    testID="Path"
    transform="translate(1,1.1)"
  />
  <View
    testID="G"
  >
    <View
      testID="Path"
    />
  </View>
  <View
    testID="G"
  >
    <View
      testID="Path"
    />
  </View>
  <View
    testID="Rect"
    transform="translate(2.2,-2.6)"
  />
  <View
    testID="G"
  >
    <View
      testID="Rect"
    />
  </View>
  <View
    testID="G"
  >
    <View
      testID="Path"
    />
  </View>
  <View
    testID="G"
  >
    <View
      testID="Path"
    />
  </View>
  <View
    testID="G"
  >
    <View
      testID="Path"
    />
  </View>
  <View
    testID="Ellipse"
  />
  <View
    testID="Ellipse"
  />
  <View
    testID="G"
  >
    <View
      testID="Ellipse"
    />
    <View
      testID="Ellipse"
    />
  </View>
  <View
    testID="Circle"
  />
  <View
    testID="G"
  >
    <View
      testID="Circle"
    />
  </View>
  <View
    testID="Circle"
    transform="translate(1,1.1)"
  />
  <View
    testID="Path"
    transform="translate(-2.6,2.4)"
  />
  <View
    testID="G"
  >
    <View
      testID="Path"
    />
  </View>
  <View
    testID="G"
  >
    <View
      testID="Path"
    />
  </View>
  <View
    testID="Circle"
  />
  <View
    testID="Circle"
  />
  <View
    testID="G"
    transform="translate(300, 64) translate(-12, 52) rotate(-22)"
  >
    <View
      testID="Path"
      transform="translate(3,2)"
    />
    <View
      testID="G"
    >
      <View
        testID="Path"
      />
      <View
        testID="Path"
      />
    </View>
  </View>
</View>
`;

exports[`snapshots NotificationsEmpty dark-theme still snapshot: NotificationsEmpty-dark-still 1`] = `
<View
  testID="Svg"
>
  <View
    testID="Rect"
    transform="translate(-2.6,2.4)"
  />
  <View
    testID="G"
  >
    <View
      testID="Rect"
    />
  </View>
  <View
    testID="Path"
    transform="translate(2.2,-2.6)"
  />
  <View
    testID="Path"
    transform="translate(2.2,-2.6)"
  />
  <View
    testID="G"
  >
    <View
      testID="Path"
    />
    <View
      testID="Path"
    />
  </View>
  <View
    testID="Rect"
    transform="translate(3,2)"
  />
  <View
    testID="G"
  >
    <View
      testID="Rect"
    />
  </View>
  <View
    testID="G"
  >
    <View
      testID="Path"
    />
  </View>
  <View
    testID="G"
  >
    <View
      testID="Path"
    />
  </View>
  <View
    testID="G"
  >
    <View
      testID="Path"
    />
  </View>
  <View
    testID="G"
  >
    <View
      testID="Path"
    />
  </View>
  <View
    testID="G"
  >
    <View
      testID="Path"
    />
  </View>
  <View
    testID="G"
  >
    <View
      testID="Path"
    />
  </View>
  <View
    testID="Path"
    transform="translate(3,2)"
  />
  <View
    testID="G"
  >
    <View
      testID="Path"
    />
  </View>
  <View
    testID="Path"
    transform="translate(1,1.1)"
  />
  <View
    testID="G"
  >
    <View
      testID="Path"
    />
  </View>
  <View
    testID="G"
  >
    <View
      testID="Path"
    />
  </View>
  <View
    testID="G"
  >
    <View
      testID="Path"
    />
  </View>
  <View
    testID="G"
  >
    <View
      testID="Path"
    />
  </View>
  <View
    testID="Rect"
    transform="translate(2.2,-2.6)"
  />
  <View
    testID="G"
  >
    <View
      testID="Rect"
    />
  </View>
  <View
    testID="G"
  >
    <View
      testID="Path"
    />
  </View>
  <View
    testID="Ellipse"
  />
  <View
    testID="Ellipse"
  />
  <View
    testID="G"
  >
    <View
      testID="Ellipse"
    />
    <View
      testID="Ellipse"
    />
  </View>
  <View
    testID="Circle"
  />
  <View
    testID="G"
  >
    <View
      testID="Circle"
    />
  </View>
  <View
    testID="Circle"
    transform="translate(1,1.1)"
  />
  <View
    testID="Path"
    transform="translate(-2.6,2.4)"
  />
  <View
    testID="G"
  >
    <View
      testID="Path"
    />
  </View>
  <View
    testID="G"
  >
    <View
      testID="Path"
    />
  </View>
  <View
    testID="G"
    transform="translate(0, -6)"
  >
    <View
      testID="Path"
    />
  </View>
  <View
    testID="G"
    transform="translate(0, -6)"
  >
    <View
      testID="Path"
    />
  </View>
</View>
`;

exports[`snapshots NotificationsEmpty light-theme still snapshot: NotificationsEmpty-light-still 1`] = `
<View
  testID="Svg"
>
  <View
    testID="Rect"
    transform="translate(-2.6,2.4)"
  />
  <View
    testID="G"
  >
    <View
      testID="Rect"
    />
  </View>
  <View
    testID="Path"
    transform="translate(2.2,-2.6)"
  />
  <View
    testID="Path"
    transform="translate(2.2,-2.6)"
  />
  <View
    testID="G"
  >
    <View
      testID="Path"
    />
    <View
      testID="Path"
    />
  </View>
  <View
    testID="Rect"
    transform="translate(3,2)"
  />
  <View
    testID="G"
  >
    <View
      testID="Rect"
    />
  </View>
  <View
    testID="G"
  >
    <View
      testID="Path"
    />
  </View>
  <View
    testID="G"
  >
    <View
      testID="Path"
    />
  </View>
  <View
    testID="G"
  >
    <View
      testID="Path"
    />
  </View>
  <View
    testID="G"
  >
    <View
      testID="Path"
    />
  </View>
  <View
    testID="G"
  >
    <View
      testID="Path"
    />
  </View>
  <View
    testID="G"
  >
    <View
      testID="Path"
    />
  </View>
  <View
    testID="Path"
    transform="translate(3,2)"
  />
  <View
    testID="G"
  >
    <View
      testID="Path"
    />
  </View>
  <View
    testID="Path"
    transform="translate(1,1.1)"
  />
  <View
    testID="G"
  >
    <View
      testID="Path"
    />
  </View>
  <View
    testID="G"
  >
    <View
      testID="Path"
    />
  </View>
  <View
    testID="G"
  >
    <View
      testID="Path"
    />
  </View>
  <View
    testID="G"
  >
    <View
      testID="Path"
    />
  </View>
  <View
    testID="Rect"
    transform="translate(2.2,-2.6)"
  />
  <View
    testID="G"
  >
    <View
      testID="Rect"
    />
  </View>
  <View
    testID="G"
  >
    <View
      testID="Path"
    />
  </View>
  <View
    testID="Ellipse"
  />
  <View
    testID="Ellipse"
  />
  <View
    testID="G"
  >
    <View
      testID="Ellipse"
    />
    <View
      testID="Ellipse"
    />
  </View>
  <View
    testID="Circle"
  />
  <View
    testID="G"
  >
    <View
      testID="Circle"
    />
  </View>
  <View
    testID="Circle"
    transform="translate(1,1.1)"
  />
  <View
    testID="Path"
    transform="translate(-2.6,2.4)"
  />
  <View
    testID="G"
  >
    <View
      testID="Path"
    />
  </View>
  <View
    testID="G"
  >
    <View
      testID="Path"
    />
  </View>
  <View
    testID="G"
    transform="translate(0, -6)"
  >
    <View
      testID="Path"
    />
  </View>
  <View
    testID="G"
    transform="translate(0, -6)"
  >
    <View
      testID="Path"
    />
  </View>
</View>
`;

exports[`snapshots Release dark-theme still snapshot: Release-dark-still 1`] = `
<View
  testID="Svg"
>
  <View
    testID="G"
  >
    <View
      testID="Path"
    />
  </View>
  <View
    testID="G"
  >
    <View
      testID="Path"
    />
  </View>
  <View
    testID="G"
  >
    <View
      testID="Path"
    />
  </View>
  <View
    testID="G"
  >
    <View
      testID="Path"
    />
  </View>
  <View
    testID="G"
  >
    <View
      testID="Path"
    />
  </View>
  <View
    testID="Path"
    transform="translate(-2.6,2.4)"
  />
  <View
    testID="G"
  >
    <View
      testID="Path"
    />
  </View>
  <View
    testID="Path"
    transform="translate(1,1.1)"
  />
  <View
    testID="G"
  >
    <View
      testID="Path"
    />
  </View>
  <View
    testID="G"
  >
    <View
      testID="Path"
    />
  </View>
  <View
    testID="G"
  >
    <View
      testID="Path"
    />
  </View>
  <View
    testID="G"
  >
    <View
      testID="Path"
    />
  </View>
  <View
    testID="Ellipse"
  />
  <View
    testID="G"
  >
    <View
      testID="Ellipse"
    />
  </View>
  <View
    testID="G"
  >
    <View
      testID="Path"
    />
  </View>
  <View
    testID="G"
  >
    <View
      testID="Path"
    />
  </View>
  <View
    testID="Ellipse"
  />
  <View
    testID="G"
  >
    <View
      testID="Ellipse"
    />
  </View>
  <View
    testID="Circle"
  />
  <View
    testID="G"
  >
    <View
      testID="Circle"
    />
  </View>
  <View
    testID="Circle"
    transform="translate(1,1.1)"
  />
  <View
    testID="Path"
    transform="translate(3,2)"
  />
  <View
    testID="G"
  >
    <View
      testID="Path"
    />
    <View
      testID="Circle"
    />
  </View>
  <View
    testID="G"
  >
    <View
      testID="Path"
    />
  </View>
  <View
    testID="G"
    transform="translate(200, 148) translate(-30, -64) rotate(-8)"
  >
    <View
      testID="Path"
      transform="translate(3,2)"
    />
    <View
      testID="G"
    >
      <View
        testID="Path"
      />
      <View
        testID="Path"
      />
    </View>
  </View>
</View>
`;

exports[`snapshots Release light-theme still snapshot: Release-light-still 1`] = `
<View
  testID="Svg"
>
  <View
    testID="G"
  >
    <View
      testID="Path"
    />
  </View>
  <View
    testID="G"
  >
    <View
      testID="Path"
    />
  </View>
  <View
    testID="G"
  >
    <View
      testID="Path"
    />
  </View>
  <View
    testID="G"
  >
    <View
      testID="Path"
    />
  </View>
  <View
    testID="G"
  >
    <View
      testID="Path"
    />
  </View>
  <View
    testID="Path"
    transform="translate(-2.6,2.4)"
  />
  <View
    testID="G"
  >
    <View
      testID="Path"
    />
  </View>
  <View
    testID="Path"
    transform="translate(1,1.1)"
  />
  <View
    testID="G"
  >
    <View
      testID="Path"
    />
  </View>
  <View
    testID="G"
  >
    <View
      testID="Path"
    />
  </View>
  <View
    testID="G"
  >
    <View
      testID="Path"
    />
  </View>
  <View
    testID="G"
  >
    <View
      testID="Path"
    />
  </View>
  <View
    testID="Ellipse"
  />
  <View
    testID="G"
  >
    <View
      testID="Ellipse"
    />
  </View>
  <View
    testID="G"
  >
    <View
      testID="Path"
    />
  </View>
  <View
    testID="G"
  >
    <View
      testID="Path"
    />
  </View>
  <View
    testID="Ellipse"
  />
  <View
    testID="G"
  >
    <View
      testID="Ellipse"
    />
  </View>
  <View
    testID="Circle"
  />
  <View
    testID="G"
  >
    <View
      testID="Circle"
    />
  </View>
  <View
    testID="Circle"
    transform="translate(1,1.1)"
  />
  <View
    testID="Path"
    transform="translate(3,2)"
  />
  <View
    testID="G"
  >
    <View
      testID="Path"
    />
    <View
      testID="Circle"
    />
  </View>
  <View
    testID="G"
  >
    <View
      testID="Path"
    />
  </View>
  <View
    testID="G"
    transform="translate(200, 148) translate(-30, -64) rotate(-8)"
  >
    <View
      testID="Path"
      transform="translate(3,2)"
    />
    <View
      testID="G"
    >
      <View
        testID="Path"
      />
      <View
        testID="Path"
      />
    </View>
  </View>
</View>
`;

exports[`snapshots Resonance dark-theme still snapshot: Resonance-dark-still 1`] = `
<View
  testID="Svg"
>
  <View
    testID="G"
  >
    <View
      testID="Path"
    />
  </View>
  <View
    testID="G"
  >
    <View
      testID="Path"
    />
  </View>
  <View
    testID="G"
    transform="translate(200, 104)"
  >
    <View
      testID="Path"
      transform="translate(3,2)"
    />
    <View
      testID="G"
    >
      <View
        testID="Path"
      />
      <View
        testID="Path"
      />
    </View>
  </View>
  <View
    testID="G"
  >
    <View
      testID="Path"
    />
  </View>
  <View
    testID="G"
  >
    <View
      testID="Path"
    />
  </View>
  <View
    testID="G"
  >
    <View
      testID="Path"
    />
  </View>
  <View
    testID="Path"
    transform="translate(-2.6,2.4)"
  />
  <View
    testID="G"
  >
    <View
      testID="Path"
    />
  </View>
  <View
    testID="Path"
    transform="translate(1,1.1)"
  />
  <View
    testID="G"
  >
    <View
      testID="Path"
    />
  </View>
  <View
    testID="G"
  >
    <View
      testID="Path"
    />
  </View>
  <View
    testID="G"
  >
    <View
      testID="Path"
    />
  </View>
  <View
    testID="G"
  >
    <View
      testID="Path"
    />
  </View>
  <View
    testID="Ellipse"
  />
  <View
    testID="G"
  >
    <View
      testID="Ellipse"
    />
  </View>
  <View
    testID="Circle"
  />
  <View
    testID="G"
  >
    <View
      testID="Circle"
    />
  </View>
  <View
    testID="Circle"
    transform="translate(1,1.1)"
  />
  <View
    testID="Path"
    transform="translate(3,2)"
  />
  <View
    testID="G"
  >
    <View
      testID="Path"
    />
    <View
      testID="Circle"
    />
  </View>
  <View
    testID="G"
  >
    <View
      testID="Path"
    />
  </View>
  <View
    testID="Circle"
  />
  <View
    testID="G"
    transform="translate(400 0) scale(-1 1)"
  >
    <View
      testID="G"
    >
      <View
        testID="Path"
      />
    </View>
    <View
      testID="G"
    >
      <View
        testID="Path"
      />
    </View>
    <View
      testID="G"
    >
      <View
        testID="Path"
      />
    </View>
    <View
      testID="Path"
      transform="translate(-2.6,2.4)"
    />
    <View
      testID="G"
    >
      <View
        testID="Path"
      />
    </View>
    <View
      testID="Path"
      transform="translate(1,1.1)"
    />
    <View
      testID="G"
    >
      <View
        testID="Path"
      />
    </View>
    <View
      testID="G"
    >
      <View
        testID="Path"
      />
    </View>
    <View
      testID="G"
    >
      <View
        testID="Path"
      />
    </View>
    <View
      testID="G"
    >
      <View
        testID="Path"
      />
    </View>
    <View
      testID="Ellipse"
    />
    <View
      testID="G"
    >
      <View
        testID="Ellipse"
      />
    </View>
    <View
      testID="Circle"
    />
    <View
      testID="G"
    >
      <View
        testID="Circle"
      />
    </View>
    <View
      testID="Circle"
      transform="translate(1,1.1)"
    />
    <View
      testID="Path"
      transform="translate(3,2)"
    />
    <View
      testID="G"
    >
      <View
        testID="Path"
      />
    </View>
    <View
      testID="G"
    >
      <View
        testID="Path"
      />
      <View
        testID="Circle"
      />
    </View>
    <View
      testID="Circle"
    />
  </View>
</View>
`;

exports[`snapshots Resonance light-theme still snapshot: Resonance-light-still 1`] = `
<View
  testID="Svg"
>
  <View
    testID="G"
  >
    <View
      testID="Path"
    />
  </View>
  <View
    testID="G"
  >
    <View
      testID="Path"
    />
  </View>
  <View
    testID="G"
    transform="translate(200, 104)"
  >
    <View
      testID="Path"
      transform="translate(3,2)"
    />
    <View
      testID="G"
    >
      <View
        testID="Path"
      />
      <View
        testID="Path"
      />
    </View>
  </View>
  <View
    testID="G"
  >
    <View
      testID="Path"
    />
  </View>
  <View
    testID="G"
  >
    <View
      testID="Path"
    />
  </View>
  <View
    testID="G"
  >
    <View
      testID="Path"
    />
  </View>
  <View
    testID="Path"
    transform="translate(-2.6,2.4)"
  />
  <View
    testID="G"
  >
    <View
      testID="Path"
    />
  </View>
  <View
    testID="Path"
    transform="translate(1,1.1)"
  />
  <View
    testID="G"
  >
    <View
      testID="Path"
    />
  </View>
  <View
    testID="G"
  >
    <View
      testID="Path"
    />
  </View>
  <View
    testID="G"
  >
    <View
      testID="Path"
    />
  </View>
  <View
    testID="G"
  >
    <View
      testID="Path"
    />
  </View>
  <View
    testID="Ellipse"
  />
  <View
    testID="G"
  >
    <View
      testID="Ellipse"
    />
  </View>
  <View
    testID="Circle"
  />
  <View
    testID="G"
  >
    <View
      testID="Circle"
    />
  </View>
  <View
    testID="Circle"
    transform="translate(1,1.1)"
  />
  <View
    testID="Path"
    transform="translate(3,2)"
  />
  <View
    testID="G"
  >
    <View
      testID="Path"
    />
    <View
      testID="Circle"
    />
  </View>
  <View
    testID="G"
  >
    <View
      testID="Path"
    />
  </View>
  <View
    testID="Circle"
  />
  <View
    testID="G"
    transform="translate(400 0) scale(-1 1)"
  >
    <View
      testID="G"
    >
      <View
        testID="Path"
      />
    </View>
    <View
      testID="G"
    >
      <View
        testID="Path"
      />
    </View>
    <View
      testID="G"
    >
      <View
        testID="Path"
      />
    </View>
    <View
      testID="Path"
      transform="translate(-2.6,2.4)"
    />
    <View
      testID="G"
    >
      <View
        testID="Path"
      />
    </View>
    <View
      testID="Path"
      transform="translate(1,1.1)"
    />
    <View
      testID="G"
    >
      <View
        testID="Path"
      />
    </View>
    <View
      testID="G"
    >
      <View
        testID="Path"
      />
    </View>
    <View
      testID="G"
    >
      <View
        testID="Path"
      />
    </View>
    <View
      testID="G"
    >
      <View
        testID="Path"
      />
    </View>
    <View
      testID="Ellipse"
    />
    <View
      testID="G"
    >
      <View
        testID="Ellipse"
      />
    </View>
    <View
      testID="Circle"
    />
    <View
      testID="G"
    >
      <View
        testID="Circle"
      />
    </View>
    <View
      testID="Circle"
      transform="translate(1,1.1)"
    />
    <View
      testID="Path"
      transform="translate(3,2)"
    />
    <View
      testID="G"
    >
      <View
        testID="Path"
      />
    </View>
    <View
      testID="G"
    >
      <View
        testID="Path"
      />
      <View
        testID="Circle"
      />
    </View>
    <View
      testID="Circle"
    />
  </View>
</View>
`;
